// Jest Snapshot v1, https://goo.gl/fbAQLP

exports[`Wallet renders correctly 1`] = `
ShallowWrapper {
  "length": 1,
  Symbol(enzyme.__root__): [Circular],
  Symbol(enzyme.__unrendered__): <Wallet
    balance={10}
    depositAction={[Function]}
    setBalanceAction={[Function]}
    withdrawAction={[Function]}
  />,
  Symbol(enzyme.__renderer__): Object {
    "batchedUpdates": [Function],
    "getNode": [Function],
    "render": [Function],
    "simulateEvent": [Function],
    "unmount": [Function],
  },
  Symbol(enzyme.__node__): Object {
    "instance": null,
    "key": undefined,
    "nodeType": "host",
    "props": Object {
      "children": Array [
        <h1
          className="balance"
        >
          Balance: 
          10
        </h1>,
        <br />,
        <input
          className="balance-input"
          onChange={[Function]}
        />,
        <button
          className="set-btn"
          onClick={[Function]}
        >
          Set
        </button>,
        <button
          className="deposit-btn"
          onClick={[Function]}
        >
          Deposit
        </button>,
        <button
          className="withdraw-btn"
          onClick={[Function]}
        >
          Withdraw
        </button>,
      ],
    },
    "ref": null,
    "rendered": Array [
      Object {
        "instance": null,
        "key": undefined,
        "nodeType": "host",
        "props": Object {
          "children": Array [
            "Balance: ",
            10,
          ],
          "className": "balance",
        },
        "ref": null,
        "rendered": Array [
          "Balance: ",
          10,
        ],
        "type": "h1",
      },
      Object {
        "instance": null,
        "key": undefined,
        "nodeType": "host",
        "props": Object {},
        "ref": null,
        "rendered": null,
        "type": "br",
      },
      Object {
        "instance": null,
        "key": undefined,
        "nodeType": "host",
        "props": Object {
          "className": "balance-input",
          "onChange": [Function],
        },
        "ref": null,
        "rendered": null,
        "type": "input",
      },
      Object {
        "instance": null,
        "key": undefined,
        "nodeType": "host",
        "props": Object {
          "children": "Set",
          "className": "set-btn",
          "onClick": [Function],
        },
        "ref": null,
        "rendered": "Set",
        "type": "button",
      },
      Object {
        "instance": null,
        "key": undefined,
        "nodeType": "host",
        "props": Object {
          "children": "Deposit",
          "className": "deposit-btn",
          "onClick": [Function],
        },
        "ref": null,
        "rendered": "Deposit",
        "type": "button",
      },
      Object {
        "instance": null,
        "key": undefined,
        "nodeType": "host",
        "props": Object {
          "children": "Withdraw",
          "className": "withdraw-btn",
          "onClick": [Function],
        },
        "ref": null,
        "rendered": "Withdraw",
        "type": "button",
      },
    ],
    "type": "div",
  },
  Symbol(enzyme.__nodes__): Array [
    Object {
      "instance": null,
      "key": undefined,
      "nodeType": "host",
      "props": Object {
        "children": Array [
          <h1
            className="balance"
          >
            Balance: 
            10
          </h1>,
          <br />,
          <input
            className="balance-input"
            onChange={[Function]}
          />,
          <button
            className="set-btn"
            onClick={[Function]}
          >
            Set
          </button>,
          <button
            className="deposit-btn"
            onClick={[Function]}
          >
            Deposit
          </button>,
          <button
            className="withdraw-btn"
            onClick={[Function]}
          >
            Withdraw
          </button>,
        ],
      },
      "ref": null,
      "rendered": Array [
        Object {
          "instance": null,
          "key": undefined,
          "nodeType": "host",
          "props": Object {
            "children": Array [
              "Balance: ",
              10,
            ],
            "className": "balance",
          },
          "ref": null,
          "rendered": Array [
            "Balance: ",
            10,
          ],
          "type": "h1",
        },
        Object {
          "instance": null,
          "key": undefined,
          "nodeType": "host",
          "props": Object {},
          "ref": null,
          "rendered": null,
          "type": "br",
        },
        Object {
          "instance": null,
          "key": undefined,
          "nodeType": "host",
          "props": Object {
            "className": "balance-input",
            "onChange": [Function],
          },
          "ref": null,
          "rendered": null,
          "type": "input",
        },
        Object {
          "instance": null,
          "key": undefined,
          "nodeType": "host",
          "props": Object {
            "children": "Set",
            "className": "set-btn",
            "onClick": [Function],
          },
          "ref": null,
          "rendered": "Set",
          "type": "button",
        },
        Object {
          "instance": null,
          "key": undefined,
          "nodeType": "host",
          "props": Object {
            "children": "Deposit",
            "className": "deposit-btn",
            "onClick": [Function],
          },
          "ref": null,
          "rendered": "Deposit",
          "type": "button",
        },
        Object {
          "instance": null,
          "key": undefined,
          "nodeType": "host",
          "props": Object {
            "children": "Withdraw",
            "className": "withdraw-btn",
            "onClick": [Function],
          },
          "ref": null,
          "rendered": "Withdraw",
          "type": "button",
        },
      ],
      "type": "div",
    },
  ],
  Symbol(enzyme.__options__): Object {
    "adapter": ReactSixteenAdapter {
      "options": Object {
        "enableComponentDidUpdateOnSetState": true,
      },
    },
  },
}
`;
